../Drivers/STM32F1xx_HAL_Driver/Src/stm32f1xx_hal_cortex.c:140:6:HAL_NVIC_SetPriorityGrouping	0	static
../Drivers/STM32F1xx_HAL_Driver/Src/stm32f1xx_hal_cortex.c:161:6:HAL_NVIC_SetPriority	12	static
../Drivers/STM32F1xx_HAL_Driver/Src/stm32f1xx_hal_cortex.c:184:6:HAL_NVIC_EnableIRQ	0	static
../Drivers/STM32F1xx_HAL_Driver/Src/stm32f1xx_hal_cortex.c:199:6:HAL_NVIC_DisableIRQ	0	static,ignoring_inline_asm
../Drivers/STM32F1xx_HAL_Driver/Src/stm32f1xx_hal_cortex.c:211:6:HAL_NVIC_SystemReset	0	static,ignoring_inline_asm
../Drivers/STM32F1xx_HAL_Driver/Src/stm32f1xx_hal_cortex.c:223:10:HAL_SYSTICK_Config	0	static
../Drivers/STM32F1xx_HAL_Driver/Src/stm32f1xx_hal_cortex.c:363:10:HAL_NVIC_GetPriorityGrouping	0	static
../Drivers/STM32F1xx_HAL_Driver/Src/stm32f1xx_hal_cortex.c:389:6:HAL_NVIC_GetPriority	16	static
../Drivers/STM32F1xx_HAL_Driver/Src/stm32f1xx_hal_cortex.c:405:6:HAL_NVIC_SetPendingIRQ	0	static
../Drivers/STM32F1xx_HAL_Driver/Src/stm32f1xx_hal_cortex.c:422:10:HAL_NVIC_GetPendingIRQ	0	static
../Drivers/STM32F1xx_HAL_Driver/Src/stm32f1xx_hal_cortex.c:437:6:HAL_NVIC_ClearPendingIRQ	0	static
../Drivers/STM32F1xx_HAL_Driver/Src/stm32f1xx_hal_cortex.c:453:10:HAL_NVIC_GetActive	0	static
../Drivers/STM32F1xx_HAL_Driver/Src/stm32f1xx_hal_cortex.c:469:6:HAL_SYSTICK_CLKSourceConfig	0	static
../Drivers/STM32F1xx_HAL_Driver/Src/stm32f1xx_hal_cortex.c:491:13:HAL_SYSTICK_Callback	0	static
../Drivers/STM32F1xx_HAL_Driver/Src/stm32f1xx_hal_cortex.c:483:6:HAL_SYSTICK_IRQHandler	8	static
