../Drivers/STM32F1xx_HAL_Driver/Src/stm32f1xx_hal_spi.c:3695:13:SPI_AbortRx_ISR	8	static
../Drivers/STM32F1xx_HAL_Driver/Src/stm32f1xx_hal_spi.c:3729:13:SPI_AbortTx_ISR	0	static
../Drivers/STM32F1xx_HAL_Driver/Src/stm32f1xx_hal_spi.c:3353:26:SPI_WaitFlagStateUntilTimeout	40	static
../Drivers/STM32F1xx_HAL_Driver/Src/stm32f1xx_hal_spi.c:3452:26:SPI_EndRxTxTransaction	24	static
../Drivers/STM32F1xx_HAL_Driver/Src/stm32f1xx_hal_spi.c:3417:26:SPI_EndRxTransaction	24	static
../Drivers/STM32F1xx_HAL_Driver/Src/stm32f1xx_hal_spi.c:492:13:HAL_SPI_MspInit	0	static
../Drivers/STM32F1xx_HAL_Driver/Src/stm32f1xx_hal_spi.c:337:19:HAL_SPI_Init	8	static
../Drivers/STM32F1xx_HAL_Driver/Src/stm32f1xx_hal_spi.c:507:13:HAL_SPI_MspDeInit	0	static
../Drivers/STM32F1xx_HAL_Driver/Src/stm32f1xx_hal_spi.c:450:19:HAL_SPI_DeInit	8	static
../Drivers/STM32F1xx_HAL_Driver/Src/stm32f1xx_hal_spi.c:778:19:HAL_SPI_Transmit	40	static
../Drivers/STM32F1xx_HAL_Driver/Src/stm32f1xx_hal_spi.c:1125:19:HAL_SPI_TransmitReceive	40	static
../Drivers/STM32F1xx_HAL_Driver/Src/stm32f1xx_hal_spi.c:927:19:HAL_SPI_Receive	40	static
../Drivers/STM32F1xx_HAL_Driver/Src/stm32f1xx_hal_spi.c:1374:19:HAL_SPI_Transmit_IT	8	static
../Drivers/STM32F1xx_HAL_Driver/Src/stm32f1xx_hal_spi.c:1531:19:HAL_SPI_TransmitReceive_IT	16	static
../Drivers/STM32F1xx_HAL_Driver/Src/stm32f1xx_hal_spi.c:1448:19:HAL_SPI_Receive_IT	16	static
../Drivers/STM32F1xx_HAL_Driver/Src/stm32f1xx_hal_spi.c:1610:19:HAL_SPI_Transmit_DMA	16	static
../Drivers/STM32F1xx_HAL_Driver/Src/stm32f1xx_hal_spi.c:1816:19:HAL_SPI_TransmitReceive_DMA	16	static
../Drivers/STM32F1xx_HAL_Driver/Src/stm32f1xx_hal_spi.c:1710:19:HAL_SPI_Receive_DMA	24	static
../Drivers/STM32F1xx_HAL_Driver/Src/stm32f1xx_hal_spi.c:1952:19:HAL_SPI_Abort	24	static
../Drivers/STM32F1xx_HAL_Driver/Src/stm32f1xx_hal_spi.c:2209:19:HAL_SPI_DMAPause	0	static
../Drivers/STM32F1xx_HAL_Driver/Src/stm32f1xx_hal_spi.c:2228:19:HAL_SPI_DMAResume	0	static
../Drivers/STM32F1xx_HAL_Driver/Src/stm32f1xx_hal_spi.c:2247:19:HAL_SPI_DMAStop	16	static
../Drivers/STM32F1xx_HAL_Driver/Src/stm32f1xx_hal_spi.c:2374:13:HAL_SPI_TxCpltCallback	0	static
../Drivers/STM32F1xx_HAL_Driver/Src/stm32f1xx_hal_spi.c:2389:13:HAL_SPI_RxCpltCallback	0	static
../Drivers/STM32F1xx_HAL_Driver/Src/stm32f1xx_hal_spi.c:2404:13:HAL_SPI_TxRxCpltCallback	0	static
../Drivers/STM32F1xx_HAL_Driver/Src/stm32f1xx_hal_spi.c:2419:13:HAL_SPI_TxHalfCpltCallback	0	static
../Drivers/STM32F1xx_HAL_Driver/Src/stm32f1xx_hal_spi.c:2787:13:SPI_DMAHalfTransmitCplt	8	static
../Drivers/STM32F1xx_HAL_Driver/Src/stm32f1xx_hal_spi.c:2434:13:HAL_SPI_RxHalfCpltCallback	0	static
../Drivers/STM32F1xx_HAL_Driver/Src/stm32f1xx_hal_spi.c:2805:13:SPI_DMAHalfReceiveCplt	8	static
../Drivers/STM32F1xx_HAL_Driver/Src/stm32f1xx_hal_spi.c:2449:13:HAL_SPI_TxRxHalfCpltCallback	0	static
../Drivers/STM32F1xx_HAL_Driver/Src/stm32f1xx_hal_spi.c:2823:13:SPI_DMAHalfTransmitReceiveCplt	8	static
../Drivers/STM32F1xx_HAL_Driver/Src/stm32f1xx_hal_spi.c:2464:13:HAL_SPI_ErrorCallback	0	static
../Drivers/STM32F1xx_HAL_Driver/Src/stm32f1xx_hal_spi.c:3641:13:SPI_CloseTx_ISR	16	static
../Drivers/STM32F1xx_HAL_Driver/Src/stm32f1xx_hal_spi.c:3302:13:SPI_TxISR_8BIT	0	static
../Drivers/STM32F1xx_HAL_Driver/Src/stm32f1xx_hal_spi.c:3325:13:SPI_TxISR_16BIT	4	static
../Drivers/STM32F1xx_HAL_Driver/Src/stm32f1xx_hal_spi.c:3572:13:SPI_CloseRx_ISR	16	static
../Drivers/STM32F1xx_HAL_Driver/Src/stm32f1xx_hal_spi.c:3203:13:SPI_RxISR_8BIT	0	static
../Drivers/STM32F1xx_HAL_Driver/Src/stm32f1xx_hal_spi.c:3264:13:SPI_RxISR_16BIT	0	static
../Drivers/STM32F1xx_HAL_Driver/Src/stm32f1xx_hal_spi.c:3476:13:SPI_CloseRxTx_ISR	16	static
../Drivers/STM32F1xx_HAL_Driver/Src/stm32f1xx_hal_spi.c:3060:13:SPI_2linesTxISR_8BIT	0	static
../Drivers/STM32F1xx_HAL_Driver/Src/stm32f1xx_hal_spi.c:3000:13:SPI_2linesRxISR_8BIT	0	static
../Drivers/STM32F1xx_HAL_Driver/Src/stm32f1xx_hal_spi.c:3146:13:SPI_2linesTxISR_16BIT	4	static
../Drivers/STM32F1xx_HAL_Driver/Src/stm32f1xx_hal_spi.c:3093:13:SPI_2linesRxISR_16BIT	4	static
../Drivers/STM32F1xx_HAL_Driver/Src/stm32f1xx_hal_spi.c:2841:13:SPI_DMAError	8	static
../Drivers/STM32F1xx_HAL_Driver/Src/stm32f1xx_hal_spi.c:2550:13:SPI_DMATransmitCplt	24	static
../Drivers/STM32F1xx_HAL_Driver/Src/stm32f1xx_hal_spi.c:2604:13:SPI_DMAReceiveCplt	16	static
../Drivers/STM32F1xx_HAL_Driver/Src/stm32f1xx_hal_spi.c:2699:13:SPI_DMATransmitReceiveCplt	16	static
../Drivers/STM32F1xx_HAL_Driver/Src/stm32f1xx_hal_spi.c:2284:6:HAL_SPI_IRQHandler	40	static
../Drivers/STM32F1xx_HAL_Driver/Src/stm32f1xx_hal_spi.c:2864:13:SPI_DMAAbortOnError	8	static
../Drivers/STM32F1xx_HAL_Driver/Src/stm32f1xx_hal_spi.c:2481:13:HAL_SPI_AbortCpltCallback	0	static
../Drivers/STM32F1xx_HAL_Driver/Src/stm32f1xx_hal_spi.c:2078:19:HAL_SPI_Abort_IT	32	static
../Drivers/STM32F1xx_HAL_Driver/Src/stm32f1xx_hal_spi.c:2945:13:SPI_DMARxAbortCallback	16	static
../Drivers/STM32F1xx_HAL_Driver/Src/stm32f1xx_hal_spi.c:2886:13:SPI_DMATxAbortCallback	16	static
../Drivers/STM32F1xx_HAL_Driver/Src/stm32f1xx_hal_spi.c:2515:22:HAL_SPI_GetState	0	static
../Drivers/STM32F1xx_HAL_Driver/Src/stm32f1xx_hal_spi.c:2526:10:HAL_SPI_GetError	0	static
