../Drivers/STM32F1xx_HAL_Driver/Src/stm32f1xx_hal_pwr.c:115:13:PWR_OverloadWfe	0	static,ignoring_inline_asm
../Drivers/STM32F1xx_HAL_Driver/Src/stm32f1xx_hal_pwr.c:152:6:HAL_PWR_DeInit	0	static
../Drivers/STM32F1xx_HAL_Driver/Src/stm32f1xx_hal_pwr.c:164:6:HAL_PWR_EnableBkUpAccess	0	static
../Drivers/STM32F1xx_HAL_Driver/Src/stm32f1xx_hal_pwr.c:176:6:HAL_PWR_DisableBkUpAccess	0	static
../Drivers/STM32F1xx_HAL_Driver/Src/stm32f1xx_hal_pwr.c:309:6:HAL_PWR_ConfigPVD	0	static
../Drivers/STM32F1xx_HAL_Driver/Src/stm32f1xx_hal_pwr.c:347:6:HAL_PWR_EnablePVD	0	static
../Drivers/STM32F1xx_HAL_Driver/Src/stm32f1xx_hal_pwr.c:356:6:HAL_PWR_DisablePVD	0	static
../Drivers/STM32F1xx_HAL_Driver/Src/stm32f1xx_hal_pwr.c:368:6:HAL_PWR_EnableWakeUpPin	0	static,ignoring_inline_asm
../Drivers/STM32F1xx_HAL_Driver/Src/stm32f1xx_hal_pwr.c:382:6:HAL_PWR_DisableWakeUpPin	0	static,ignoring_inline_asm
../Drivers/STM32F1xx_HAL_Driver/Src/stm32f1xx_hal_pwr.c:401:6:HAL_PWR_EnterSLEEPMode	0	static,ignoring_inline_asm
../Drivers/STM32F1xx_HAL_Driver/Src/stm32f1xx_hal_pwr.c:443:6:HAL_PWR_EnterSTOPMode	8	static,ignoring_inline_asm
../Drivers/STM32F1xx_HAL_Driver/Src/stm32f1xx_hal_pwr.c:479:6:HAL_PWR_EnterSTANDBYMode	0	static,ignoring_inline_asm
../Drivers/STM32F1xx_HAL_Driver/Src/stm32f1xx_hal_pwr.c:502:6:HAL_PWR_EnableSleepOnExit	0	static
../Drivers/STM32F1xx_HAL_Driver/Src/stm32f1xx_hal_pwr.c:513:6:HAL_PWR_DisableSleepOnExit	0	static
../Drivers/STM32F1xx_HAL_Driver/Src/stm32f1xx_hal_pwr.c:524:6:HAL_PWR_EnableSEVOnPend	0	static
../Drivers/STM32F1xx_HAL_Driver/Src/stm32f1xx_hal_pwr.c:535:6:HAL_PWR_DisableSEVOnPend	0	static
../Drivers/STM32F1xx_HAL_Driver/Src/stm32f1xx_hal_pwr.c:560:13:HAL_PWR_PVDCallback	0	static
../Drivers/STM32F1xx_HAL_Driver/Src/stm32f1xx_hal_pwr.c:545:6:HAL_PWR_PVD_IRQHandler	8	static
