../Drivers/STM32F1xx_HAL_Driver/Src/stm32f1xx_hal.c:198:13:HAL_MspInit	0	static
../Drivers/STM32F1xx_HAL_Driver/Src/stm32f1xx_hal.c:208:13:HAL_MspDeInit	0	static
../Drivers/STM32F1xx_HAL_Driver/Src/stm32f1xx_hal.c:174:19:HAL_DeInit	8	static
../Drivers/STM32F1xx_HAL_Driver/Src/stm32f1xx_hal.c:230:26:HAL_InitTick	16	static
../Drivers/STM32F1xx_HAL_Driver/Src/stm32f1xx_hal.c:142:19:HAL_Init	8	static
../Drivers/STM32F1xx_HAL_Driver/Src/stm32f1xx_hal.c:284:13:HAL_IncTick	0	static
../Drivers/STM32F1xx_HAL_Driver/Src/stm32f1xx_hal.c:294:17:HAL_GetTick	0	static
../Drivers/STM32F1xx_HAL_Driver/Src/stm32f1xx_hal.c:302:10:HAL_GetTickPrio	0	static
../Drivers/STM32F1xx_HAL_Driver/Src/stm32f1xx_hal.c:310:19:HAL_SetTickFreq	16	static
../Drivers/STM32F1xx_HAL_Driver/Src/stm32f1xx_hal.c:340:21:HAL_GetTickFreq	0	static
../Drivers/STM32F1xx_HAL_Driver/Src/stm32f1xx_hal.c:355:13:HAL_Delay	16	static
../Drivers/STM32F1xx_HAL_Driver/Src/stm32f1xx_hal.c:378:13:HAL_SuspendTick	0	static
../Drivers/STM32F1xx_HAL_Driver/Src/stm32f1xx_hal.c:393:13:HAL_ResumeTick	0	static
../Drivers/STM32F1xx_HAL_Driver/Src/stm32f1xx_hal.c:402:10:HAL_GetHalVersion	0	static
../Drivers/STM32F1xx_HAL_Driver/Src/stm32f1xx_hal.c:417:10:HAL_GetREVID	0	static
../Drivers/STM32F1xx_HAL_Driver/Src/stm32f1xx_hal.c:432:10:HAL_GetDEVID	0	static
../Drivers/STM32F1xx_HAL_Driver/Src/stm32f1xx_hal.c:440:10:HAL_GetUIDw0	0	static
../Drivers/STM32F1xx_HAL_Driver/Src/stm32f1xx_hal.c:448:10:HAL_GetUIDw1	0	static
../Drivers/STM32F1xx_HAL_Driver/Src/stm32f1xx_hal.c:456:10:HAL_GetUIDw2	0	static
../Drivers/STM32F1xx_HAL_Driver/Src/stm32f1xx_hal.c:464:6:HAL_DBGMCU_EnableDBGSleepMode	0	static
../Drivers/STM32F1xx_HAL_Driver/Src/stm32f1xx_hal.c:479:6:HAL_DBGMCU_DisableDBGSleepMode	0	static
../Drivers/STM32F1xx_HAL_Driver/Src/stm32f1xx_hal.c:508:6:HAL_DBGMCU_EnableDBGStopMode	0	static
../Drivers/STM32F1xx_HAL_Driver/Src/stm32f1xx_hal.c:523:6:HAL_DBGMCU_DisableDBGStopMode	0	static
../Drivers/STM32F1xx_HAL_Driver/Src/stm32f1xx_hal.c:538:6:HAL_DBGMCU_EnableDBGStandbyMode	0	static
../Drivers/STM32F1xx_HAL_Driver/Src/stm32f1xx_hal.c:553:6:HAL_DBGMCU_DisableDBGStandbyMode	0	static
